Copyright 1986-2021 Xilinx, Inc. All Rights Reserved.
-----------------------------------------------------------------------------------------
| Tool Version : Vivado v.2021.2 (win64) Build 3367213 Tue Oct 19 02:48:09 MDT 2021
| Date         : Wed Mar 23 17:02:37 2022
| Host         : LAPTOP-TDKNUURL running 64-bit major release  (build 9200)
| Command      : report_control_sets -verbose -file Chip_InstrIP_control_sets_placed.rpt
| Design       : Chip_InstrIP
| Device       : xc7vx485t
-----------------------------------------------------------------------------------------

Control Set Information

Table of Contents
-----------------
1. Summary
2. Histogram
3. Flip-Flop Distribution
4. Detailed Control Set Information

1. Summary
----------

+----------------------------------------------------------+-------+
|                          Status                          | Count |
+----------------------------------------------------------+-------+
| Total control sets                                       |   258 |
|    Minimum number of control sets                        |   258 |
|    Addition due to synthesis replication                 |     0 |
|    Addition due to physical synthesis replication        |     0 |
| Unused register locations in slices containing registers |     0 |
+----------------------------------------------------------+-------+
* Control sets can be merged at opt_design using control_set_merge or merge_equivalent_drivers
** Run report_qor_suggestions for automated merging and remapping suggestions


2. Histogram
------------

+--------------------+-------+
|       Fanout       | Count |
+--------------------+-------+
| Total control sets |   258 |
| >= 0 to < 4        |     0 |
| >= 4 to < 6        |     0 |
| >= 6 to < 8        |     0 |
| >= 8 to < 10       |   256 |
| >= 10 to < 12      |     0 |
| >= 12 to < 14      |     0 |
| >= 14 to < 16      |     0 |
| >= 16              |     2 |
+--------------------+-------+
* Control sets can be remapped at either synth_design or opt_design


3. Flip-Flop Distribution
-------------------------

+--------------+-----------------------+------------------------+-----------------+--------------+
| Clock Enable | Synchronous Set/Reset | Asynchronous Set/Reset | Total Registers | Total Slices |
+--------------+-----------------------+------------------------+-----------------+--------------+
| No           | No                    | No                     |              32 |           14 |
| No           | No                    | Yes                    |               0 |            0 |
| No           | Yes                   | No                     |               0 |            0 |
| Yes          | No                    | No                     |            2048 |         1357 |
| Yes          | No                    | Yes                    |               0 |            0 |
| Yes          | Yes                   | No                     |               0 |            0 |
+--------------+-----------------------+------------------------+-----------------+--------------+


4. Detailed Control Set Information
-----------------------------------

+----------------+-------------------------------------------------------------------+------------------+------------------+----------------+--------------+
|  Clock Signal  |                           Enable Signal                           | Set/Reset Signal | Slice Load Count | Bel Load Count | Bels / Slice |
+----------------+-------------------------------------------------------------------+------------------+------------------+----------------+--------------+
|  clk_IBUF_BUFG | u_instrmembrom/u_mem_generator_0/store[1][7]_i_5_50[0]            |                  |                6 |              8 |         1.33 |
|  clk_IBUF_BUFG | u_instrmembrom/u_mem_generator_0/store[1][7]_i_5_102[0]           |                  |                8 |              8 |         1.00 |
|  clk_IBUF_BUFG | u_instrmembrom/u_mem_generator_0/store[1][7]_i_5_10[0]            |                  |                6 |              8 |         1.33 |
|  clk_IBUF_BUFG | u_instrmembrom/u_mem_generator_0/store[1][7]_i_5_104[0]           |                  |                8 |              8 |         1.00 |
|  clk_IBUF_BUFG | u_instrmembrom/u_mem_generator_0/store[1][7]_i_5_108[0]           |                  |                3 |              8 |         2.67 |
|  clk_IBUF_BUFG | u_instrmembrom/u_mem_generator_0/store[1][7]_i_5_114[0]           |                  |                7 |              8 |         1.14 |
|  clk_IBUF_BUFG | u_instrmembrom/u_mem_generator_0/store[1][7]_i_5_117[0]           |                  |                6 |              8 |         1.33 |
|  clk_IBUF_BUFG | u_instrmembrom/u_mem_generator_0/store[1][7]_i_5_12[0]            |                  |                8 |              8 |         1.00 |
|  clk_IBUF_BUFG | u_instrmembrom/u_mem_generator_0/store[1][7]_i_5_120[0]           |                  |                8 |              8 |         1.00 |
|  clk_IBUF_BUFG | u_instrmembrom/u_mem_generator_0/store[1][7]_i_5_121[0]           |                  |                4 |              8 |         2.00 |
|  clk_IBUF_BUFG | u_instrmembrom/u_mem_generator_0/store[1][7]_i_5_112[0]           |                  |                7 |              8 |         1.14 |
|  clk_IBUF_BUFG | u_instrmembrom/u_mem_generator_0/store[1][7]_i_5_122[0]           |                  |                7 |              8 |         1.14 |
|  clk_IBUF_BUFG | u_instrmembrom/u_mem_generator_0/store[1][7]_i_5_123[0]           |                  |                5 |              8 |         1.60 |
|  clk_IBUF_BUFG | u_instrmembrom/u_mem_generator_0/store[1][7]_i_5_124[0]           |                  |                3 |              8 |         2.67 |
|  clk_IBUF_BUFG | u_instrmembrom/u_mem_generator_0/store[1][7]_i_5_0[0]             |                  |                6 |              8 |         1.33 |
|  clk_IBUF_BUFG | u_instrmembrom/u_mem_generator_0/store[1][7]_i_5_100[0]           |                  |                5 |              8 |         1.60 |
|  clk_IBUF_BUFG | u_instrmembrom/u_mem_generator_0/store[1][7]_i_5_103[0]           |                  |                7 |              8 |         1.14 |
|  clk_IBUF_BUFG | u_instrmembrom/u_mem_generator_0/store[1][7]_i_5_106[0]           |                  |                5 |              8 |         1.60 |
|  clk_IBUF_BUFG | u_instrmembrom/u_mem_generator_0/store[1][7]_i_5_107[0]           |                  |                4 |              8 |         2.00 |
|  clk_IBUF_BUFG | u_instrmembrom/u_mem_generator_0/store[1][7]_i_5_105[0]           |                  |                8 |              8 |         1.00 |
|  clk_IBUF_BUFG | u_instrmembrom/u_mem_generator_0/store[1][7]_i_5_101[0]           |                  |                5 |              8 |         1.60 |
|  clk_IBUF_BUFG | u_instrmembrom/u_mem_generator_0/store[1][7]_i_5_109[0]           |                  |                3 |              8 |         2.67 |
|  clk_IBUF_BUFG | u_instrmembrom/u_mem_generator_0/store[1][7]_i_5_11[0]            |                  |                4 |              8 |         2.00 |
|  clk_IBUF_BUFG | u_instrmembrom/u_mem_generator_0/store[1][7]_i_5_110[0]           |                  |                7 |              8 |         1.14 |
|  clk_IBUF_BUFG | u_instrmembrom/u_mem_generator_0/store[1][7]_i_5_111[0]           |                  |                6 |              8 |         1.33 |
|  clk_IBUF_BUFG | u_instrmembrom/u_mem_generator_0/store[1][7]_i_5_113[0]           |                  |                6 |              8 |         1.33 |
|  clk_IBUF_BUFG | u_instrmembrom/u_mem_generator_0/store[1][7]_i_5_115[0]           |                  |                6 |              8 |         1.33 |
|  clk_IBUF_BUFG | u_instrmembrom/u_mem_generator_0/store[1][7]_i_5_116[0]           |                  |                7 |              8 |         1.14 |
|  clk_IBUF_BUFG | u_instrmembrom/u_mem_generator_0/store[1][7]_i_5_118[0]           |                  |                8 |              8 |         1.00 |
|  clk_IBUF_BUFG | u_instrmembrom/u_mem_generator_0/store[1][7]_i_5_119[0]           |                  |                6 |              8 |         1.33 |
|  clk_IBUF_BUFG | u_instrmembrom/u_mem_generator_0/store[1][7]_i_5_1[0]             |                  |                6 |              8 |         1.33 |
|  clk_IBUF_BUFG | u_instrmembrom/u_mem_generator_0/store[1][7]_i_5_49[0]            |                  |                8 |              8 |         1.00 |
|  clk_IBUF_BUFG | u_instrmembrom/u_mem_generator_0/store[1][7]_i_5_19[0]            |                  |                7 |              8 |         1.14 |
|  clk_IBUF_BUFG | u_instrmembrom/u_mem_generator_0/store[1][7]_i_5_48[0]            |                  |                7 |              8 |         1.14 |
|  clk_IBUF_BUFG | u_instrmembrom/u_mem_generator_0/store[1][7]_i_5_56[0]            |                  |                5 |              8 |         1.60 |
|  clk_IBUF_BUFG | u_instrmembrom/u_mem_generator_0/store[1][7]_i_5_62[0]            |                  |                6 |              8 |         1.33 |
|  clk_IBUF_BUFG | u_instrmembrom/u_mem_generator_0/store[1][7]_i_5_65[0]            |                  |                3 |              8 |         2.67 |
|  clk_IBUF_BUFG | u_instrmembrom/u_mem_generator_0/store[1][7]_i_5_5[0]             |                  |                4 |              8 |         2.00 |
|  clk_IBUF_BUFG | u_instrmembrom/u_mem_generator_0/store[1][7]_i_5_126[0]           |                  |                5 |              8 |         1.60 |
|  clk_IBUF_BUFG | u_instrmembrom/u_mem_generator_0/store[1][7]_i_5_41[0]            |                  |                3 |              8 |         2.67 |
|  clk_IBUF_BUFG | u_instrmembrom/u_mem_generator_0/store[1][7]_i_5_51[0]            |                  |                5 |              8 |         1.60 |
|  clk_IBUF_BUFG | u_instrmembrom/u_mem_generator_0/store[1][7]_i_5_23[0]            |                  |                5 |              8 |         1.60 |
|  clk_IBUF_BUFG | u_instrmembrom/u_mem_generator_0/store[1][7]_i_5_127[0]           |                  |                6 |              8 |         1.33 |
|  clk_IBUF_BUFG | u_instrmembrom/u_mem_generator_0/store[1][7]_i_5_64[0]            |                  |                3 |              8 |         2.67 |
|  clk_IBUF_BUFG | u_instrmembrom/u_mem_generator_0/store[1][7]_i_5_66[0]            |                  |                4 |              8 |         2.00 |
|  clk_IBUF_BUFG | u_instrmembrom/u_mem_generator_0/store[1][7]_i_5_54[0]            |                  |                6 |              8 |         1.33 |
|  clk_IBUF_BUFG | u_instrmembrom/u_mem_generator_0/store[1][7]_i_5_4[0]             |                  |                3 |              8 |         2.67 |
|  clk_IBUF_BUFG | u_instrmembrom/u_mem_generator_0/store[1][7]_i_5_67[0]            |                  |                6 |              8 |         1.33 |
|  clk_IBUF_BUFG | u_instrmembrom/u_mem_generator_0/store[1][7]_i_5_28[0]            |                  |                4 |              8 |         2.00 |
|  clk_IBUF_BUFG | u_instrmembrom/u_mem_generator_0/store[1][7]_i_5_68[0]            |                  |                3 |              8 |         2.67 |
|  clk_IBUF_BUFG | u_instrmembrom/u_mem_generator_0/store[1][7]_i_5_42[0]            |                  |                5 |              8 |         1.60 |
|  clk_IBUF_BUFG | u_instrmembrom/u_mem_generator_0/store[1][7]_i_5_55[0]            |                  |                8 |              8 |         1.00 |
|  clk_IBUF_BUFG | u_instrmembrom/u_mem_generator_0/store[1][7]_i_5_35[0]            |                  |                6 |              8 |         1.33 |
|  clk_IBUF_BUFG | u_instrmembrom/u_mem_generator_0/store[1][7]_i_5_61[0]            |                  |                6 |              8 |         1.33 |
|  clk_IBUF_BUFG | u_instrmembrom/u_mem_generator_0/store[1][7]_i_5_15[0]            |                  |                4 |              8 |         2.00 |
|  clk_IBUF_BUFG | u_instrmembrom/u_mem_generator_0/store[1][7]_i_5_21[0]            |                  |                5 |              8 |         1.60 |
|  clk_IBUF_BUFG | u_instrmembrom/u_mem_generator_0/store[1][7]_i_5_34[0]            |                  |                7 |              8 |         1.14 |
|  clk_IBUF_BUFG | u_instrmembrom/u_mem_generator_0/store[1][7]_i_5_33[0]            |                  |                4 |              8 |         2.00 |
|  clk_IBUF_BUFG | u_instrmembrom/u_mem_generator_0/store[1][7]_i_5_37[0]            |                  |                6 |              8 |         1.33 |
|  clk_IBUF_BUFG | u_instrmembrom/u_mem_generator_0/store[1][7]_i_5_26[0]            |                  |                3 |              8 |         2.67 |
|  clk_IBUF_BUFG | u_instrmembrom/u_mem_generator_0/store[1][7]_i_5_39[0]            |                  |                5 |              8 |         1.60 |
|  clk_IBUF_BUFG | u_instrmembrom/u_mem_generator_0/store[1][7]_i_5_43[0]            |                  |                5 |              8 |         1.60 |
|  clk_IBUF_BUFG | u_instrmembrom/u_mem_generator_0/store[1][7]_i_5_25[0]            |                  |                7 |              8 |         1.14 |
|  clk_IBUF_BUFG | u_instrmembrom/u_mem_generator_0/store[1][7]_i_5_3[0]             |                  |                7 |              8 |         1.14 |
|  clk_IBUF_BUFG | u_instrmembrom/u_mem_generator_0/MemWriteExp_OBUF_inst_i_1_70[0]  |                  |                6 |              8 |         1.33 |
|  clk_IBUF_BUFG | u_instrmembrom/u_mem_generator_0/store[1][7]_i_5_20[0]            |                  |                7 |              8 |         1.14 |
|  clk_IBUF_BUFG | u_instrmembrom/u_mem_generator_0/store[1][7]_i_5_31[0]            |                  |                3 |              8 |         2.67 |
|  clk_IBUF_BUFG | u_instrmembrom/u_mem_generator_0/store[1][7]_i_5_45[0]            |                  |                5 |              8 |         1.60 |
|  clk_IBUF_BUFG | u_instrmembrom/u_mem_generator_0/store[1][7]_i_5_29[0]            |                  |                6 |              8 |         1.33 |
|  clk_IBUF_BUFG | u_instrmembrom/u_mem_generator_0/store[1][7]_i_5_44[0]            |                  |                5 |              8 |         1.60 |
|  clk_IBUF_BUFG | u_instrmembrom/u_mem_generator_0/store[1][7]_i_5_58[0]            |                  |                4 |              8 |         2.00 |
|  clk_IBUF_BUFG | u_instrmembrom/u_mem_generator_0/store[1][7]_i_5_24[0]            |                  |                7 |              8 |         1.14 |
|  clk_IBUF_BUFG | u_instrmembrom/u_mem_generator_0/store[1][7]_i_5_6[0]             |                  |                5 |              8 |         1.60 |
|  clk_IBUF_BUFG | u_instrmembrom/u_mem_generator_0/store[1][7]_i_5_125[0]           |                  |                5 |              8 |         1.60 |
|  clk_IBUF_BUFG | u_instrmembrom/u_mem_generator_0/store[1][7]_i_5_18[0]            |                  |                6 |              8 |         1.33 |
|  clk_IBUF_BUFG | u_instrmembrom/u_mem_generator_0/store[1][7]_i_5_32[0]            |                  |                8 |              8 |         1.00 |
|  clk_IBUF_BUFG | u_instrmembrom/u_mem_generator_0/store[1][7]_i_5_16[0]            |                  |                8 |              8 |         1.00 |
|  clk_IBUF_BUFG | u_instrmembrom/u_mem_generator_0/store[1][7]_i_5_22[0]            |                  |                7 |              8 |         1.14 |
|  clk_IBUF_BUFG | u_instrmembrom/u_mem_generator_0/store[1][7]_i_5_36[0]            |                  |                3 |              8 |         2.67 |
|  clk_IBUF_BUFG | u_instrmembrom/u_mem_generator_0/store[1][7]_i_5_46[0]            |                  |                5 |              8 |         1.60 |
|  clk_IBUF_BUFG | u_instrmembrom/u_mem_generator_0/store[1][7]_i_5_52[0]            |                  |                6 |              8 |         1.33 |
|  clk_IBUF_BUFG | u_instrmembrom/u_mem_generator_0/store[1][7]_i_5_38[0]            |                  |                3 |              8 |         2.67 |
|  clk_IBUF_BUFG | u_instrmembrom/u_mem_generator_0/store[1][7]_i_5_2[0]             |                  |                6 |              8 |         1.33 |
|  clk_IBUF_BUFG | u_instrmembrom/u_mem_generator_0/store[1][7]_i_5_27[0]            |                  |                6 |              8 |         1.33 |
|  clk_IBUF_BUFG | u_instrmembrom/u_mem_generator_0/store[1][7]_i_5_40[0]            |                  |                3 |              8 |         2.67 |
|  clk_IBUF_BUFG | u_instrmembrom/u_mem_generator_0/store[1][7]_i_5_53[0]            |                  |                5 |              8 |         1.60 |
|  clk_IBUF_BUFG | u_instrmembrom/u_mem_generator_0/store[1][7]_i_5_13[0]            |                  |                4 |              8 |         2.00 |
|  clk_IBUF_BUFG | u_instrmembrom/u_mem_generator_0/store[1][7]_i_5_59[0]            |                  |                6 |              8 |         1.33 |
|  clk_IBUF_BUFG | u_instrmembrom/u_mem_generator_0/store[1][7]_i_5_14[0]            |                  |                8 |              8 |         1.00 |
|  clk_IBUF_BUFG | u_instrmembrom/u_mem_generator_0/store[1][7]_i_5_60[0]            |                  |                3 |              8 |         2.67 |
|  clk_IBUF_BUFG | u_instrmembrom/u_mem_generator_0/store[1][7]_i_5_57[0]            |                  |                6 |              8 |         1.33 |
|  clk_IBUF_BUFG | u_instrmembrom/u_mem_generator_0/store[1][7]_i_5_63[0]            |                  |                3 |              8 |         2.67 |
|  clk_IBUF_BUFG | u_instrmembrom/u_mem_generator_0/store[1][7]_i_5_17[0]            |                  |                6 |              8 |         1.33 |
|  clk_IBUF_BUFG | u_instrmembrom/u_mem_generator_0/store[1][7]_i_5_30[0]            |                  |                7 |              8 |         1.14 |
|  clk_IBUF_BUFG | u_instrmembrom/u_mem_generator_0/store[1][7]_i_5_47[0]            |                  |                3 |              8 |         2.67 |
|  clk_IBUF_BUFG | u_instrmembrom/u_mem_generator_0/store[1][7]_i_5_75[0]            |                  |                5 |              8 |         1.60 |
|  clk_IBUF_BUFG | u_instrmembrom/u_mem_generator_0/store[1][7]_i_5_92[0]            |                  |                3 |              8 |         2.67 |
|  clk_IBUF_BUFG | u_instrmembrom/u_mem_generator_0/store[1][7]_i_5_87[0]            |                  |                4 |              8 |         2.00 |
|  clk_IBUF_BUFG | u_instrmembrom/u_mem_generator_0/store[1][7]_i_5_93[0]            |                  |                7 |              8 |         1.14 |
|  clk_IBUF_BUFG | u_instrmembrom/u_mem_generator_0/store[1][7]_i_5_73[0]            |                  |                3 |              8 |         2.67 |
|  clk_IBUF_BUFG | u_instrmembrom/u_mem_generator_0/store[1][7]_i_5_76[0]            |                  |                4 |              8 |         2.00 |
|  clk_IBUF_BUFG | u_instrmembrom/u_mem_generator_0/store[1][7]_i_5_85[0]            |                  |                6 |              8 |         1.33 |
|  clk_IBUF_BUFG | u_instrmembrom/u_mem_generator_0/store[1][7]_i_5_8[0]             |                  |                7 |              8 |         1.14 |
|  clk_IBUF_BUFG | u_instrmembrom/u_mem_generator_0/store[1][7]_i_5_72[0]            |                  |                2 |              8 |         4.00 |
|  clk_IBUF_BUFG | u_instrmembrom/u_mem_generator_0/store[1][7]_i_5_77[0]            |                  |                2 |              8 |         4.00 |
|  clk_IBUF_BUFG | u_instrmembrom/u_mem_generator_0/store[1][7]_i_5_80[0]            |                  |                4 |              8 |         2.00 |
|  clk_IBUF_BUFG | u_instrmembrom/u_mem_generator_0/store[1][7]_i_5_70[0]            |                  |                2 |              8 |         4.00 |
|  clk_IBUF_BUFG | u_instrmembrom/u_mem_generator_0/store[1][7]_i_5_79[0]            |                  |                3 |              8 |         2.67 |
|  clk_IBUF_BUFG | u_instrmembrom/u_mem_generator_0/store[1][7]_i_5_82[0]            |                  |                3 |              8 |         2.67 |
|  clk_IBUF_BUFG | u_instrmembrom/u_mem_generator_0/store[1][7]_i_5_88[0]            |                  |                2 |              8 |         4.00 |
|  clk_IBUF_BUFG | u_instrmembrom/u_mem_generator_0/store[1][7]_i_5_69[0]            |                  |                6 |              8 |         1.33 |
|  clk_IBUF_BUFG | u_instrmembrom/u_mem_generator_0/store[1][7]_i_5_89[0]            |                  |                8 |              8 |         1.00 |
|  clk_IBUF_BUFG | u_instrmembrom/u_mem_generator_0/store[1][7]_i_5_90[0]            |                  |                5 |              8 |         1.60 |
|  clk_IBUF_BUFG | u_instrmembrom/u_mem_generator_0/store[1][7]_i_5_96[0]            |                  |                7 |              8 |         1.14 |
|  clk_IBUF_BUFG | u_instrmembrom/u_mem_generator_0/store[1][7]_i_5_86[0]            |                  |                3 |              8 |         2.67 |
|  clk_IBUF_BUFG | u_instrmembrom/u_mem_generator_0/store[1][7]_i_5_91[0]            |                  |                7 |              8 |         1.14 |
|  clk_IBUF_BUFG | u_instrmembrom/u_mem_generator_0/store[1][7]_i_5_99[0]            |                  |                7 |              8 |         1.14 |
|  clk_IBUF_BUFG | u_instrmembrom/u_mem_generator_0/store[1][7]_i_5_78[0]            |                  |                5 |              8 |         1.60 |
|  clk_IBUF_BUFG | u_instrmembrom/u_mem_generator_0/store[1][7]_i_5_7[0]             |                  |                4 |              8 |         2.00 |
|  clk_IBUF_BUFG | u_instrmembrom/u_mem_generator_0/store[1][7]_i_5_97[0]            |                  |                8 |              8 |         1.00 |
|  clk_IBUF_BUFG | u_instrmembrom/u_mem_generator_0/store[1][7]_i_5_71[0]            |                  |                5 |              8 |         1.60 |
|  clk_IBUF_BUFG | u_instrmembrom/u_mem_generator_0/store[1][7]_i_5_74[0]            |                  |                4 |              8 |         2.00 |
|  clk_IBUF_BUFG | u_instrmembrom/u_mem_generator_0/store[1][7]_i_5_84[0]            |                  |                5 |              8 |         1.60 |
|  clk_IBUF_BUFG | u_instrmembrom/u_mem_generator_0/store[1][7]_i_5_94[0]            |                  |                5 |              8 |         1.60 |
|  clk_IBUF_BUFG | u_instrmembrom/u_mem_generator_0/store[1][7]_i_5_9[0]             |                  |                5 |              8 |         1.60 |
|  clk_IBUF_BUFG | u_instrmembrom/u_mem_generator_0/store[1][7]_i_5_95[0]            |                  |                6 |              8 |         1.33 |
|  clk_IBUF_BUFG | u_instrmembrom/u_mem_generator_0/store[1][7]_i_5_83[0]            |                  |                4 |              8 |         2.00 |
|  clk_IBUF_BUFG | u_instrmembrom/u_mem_generator_0/store[1][7]_i_5_81[0]            |                  |                5 |              8 |         1.60 |
|  clk_IBUF_BUFG | u_instrmembrom/u_mem_generator_0/store[1][7]_i_5_98[0]            |                  |                5 |              8 |         1.60 |
|  clk_IBUF_BUFG | u_instrmembrom/u_mem_generator_0/MemWriteExp_OBUF_inst_i_1_10[0]  |                  |                5 |              8 |         1.60 |
|  clk_IBUF_BUFG | u_instrmembrom/u_mem_generator_0/MemWriteExp_OBUF_inst_i_1_1[0]   |                  |                4 |              8 |         2.00 |
|  clk_IBUF_BUFG | u_instrmembrom/u_mem_generator_0/MemWriteExp_OBUF_inst_i_1_100[0] |                  |                5 |              8 |         1.60 |
|  clk_IBUF_BUFG | u_instrmembrom/u_mem_generator_0/MemWriteExp_OBUF_inst_i_1_101[0] |                  |                5 |              8 |         1.60 |
|  clk_IBUF_BUFG | u_instrmembrom/u_mem_generator_0/MemWriteExp_OBUF_inst_i_1_102[0] |                  |                2 |              8 |         4.00 |
|  clk_IBUF_BUFG | u_instrmembrom/u_mem_generator_0/MemWriteExp_OBUF_inst_i_1_103[0] |                  |                8 |              8 |         1.00 |
|  clk_IBUF_BUFG | u_instrmembrom/u_mem_generator_0/MemWriteExp_OBUF_inst_i_1_104[0] |                  |                7 |              8 |         1.14 |
|  clk_IBUF_BUFG | u_instrmembrom/u_mem_generator_0/MemWriteExp_OBUF_inst_i_1_0[0]   |                  |                4 |              8 |         2.00 |
|  clk_IBUF_BUFG | u_instrmembrom/u_mem_generator_0/E[0]                             |                  |                3 |              8 |         2.67 |
|  clk_IBUF_BUFG | u_instrmembrom/u_mem_generator_0/MemWriteExp_OBUF_inst_i_1_32[0]  |                  |                5 |              8 |         1.60 |
|  clk_IBUF_BUFG | u_instrmembrom/u_mem_generator_0/MemWriteExp_OBUF_inst_i_1_37[0]  |                  |                7 |              8 |         1.14 |
|  clk_IBUF_BUFG | u_instrmembrom/u_mem_generator_0/MemWriteExp_OBUF_inst_i_1_117[0] |                  |                8 |              8 |         1.00 |
|  clk_IBUF_BUFG | u_instrmembrom/u_mem_generator_0/MemWriteExp_OBUF_inst_i_1_106[0] |                  |                7 |              8 |         1.14 |
|  clk_IBUF_BUFG | u_instrmembrom/u_mem_generator_0/MemWriteExp_OBUF_inst_i_1_25[0]  |                  |                7 |              8 |         1.14 |
|  clk_IBUF_BUFG | u_instrmembrom/u_mem_generator_0/MemWriteExp_OBUF_inst_i_1_114[0] |                  |                8 |              8 |         1.00 |
|  clk_IBUF_BUFG | u_instrmembrom/u_mem_generator_0/MemWriteExp_OBUF_inst_i_1_29[0]  |                  |                5 |              8 |         1.60 |
|  clk_IBUF_BUFG | u_instrmembrom/u_mem_generator_0/MemWriteExp_OBUF_inst_i_1_124[0] |                  |                5 |              8 |         1.60 |
|  clk_IBUF_BUFG | u_instrmembrom/u_mem_generator_0/MemWriteExp_OBUF_inst_i_1_34[0]  |                  |                3 |              8 |         2.67 |
|  clk_IBUF_BUFG | u_instrmembrom/u_mem_generator_0/MemWriteExp_OBUF_inst_i_1_116[0] |                  |                7 |              8 |         1.14 |
|  clk_IBUF_BUFG | u_instrmembrom/u_mem_generator_0/MemWriteExp_OBUF_inst_i_1_38[0]  |                  |                4 |              8 |         2.00 |
|  clk_IBUF_BUFG | u_instrmembrom/u_mem_generator_0/MemWriteExp_OBUF_inst_i_1_105[0] |                  |                4 |              8 |         2.00 |
|  clk_IBUF_BUFG | u_instrmembrom/u_mem_generator_0/MemWriteExp_OBUF_inst_i_1_125[0] |                  |                7 |              8 |         1.14 |
|  clk_IBUF_BUFG | u_instrmembrom/u_mem_generator_0/MemWriteExp_OBUF_inst_i_1_108[0] |                  |                6 |              8 |         1.33 |
|  clk_IBUF_BUFG | u_instrmembrom/u_mem_generator_0/MemWriteExp_OBUF_inst_i_1_2[0]   |                  |                3 |              8 |         2.67 |
|  clk_IBUF_BUFG | u_instrmembrom/u_mem_generator_0/MemWriteExp_OBUF_inst_i_1_40[0]  |                  |                4 |              8 |         2.00 |
|  clk_IBUF_BUFG | u_instrmembrom/u_mem_generator_0/MemWriteExp_OBUF_inst_i_1_44[0]  |                  |                8 |              8 |         1.00 |
|  clk_IBUF_BUFG | u_instrmembrom/u_mem_generator_0/MemWriteExp_OBUF_inst_i_1_19[0]  |                  |                8 |              8 |         1.00 |
|  clk_IBUF_BUFG | u_instrmembrom/u_mem_generator_0/MemWriteExp_OBUF_inst_i_1_112[0] |                  |                7 |              8 |         1.14 |
|  clk_IBUF_BUFG | u_instrmembrom/u_mem_generator_0/MemWriteExp_OBUF_inst_i_1_45[0]  |                  |                4 |              8 |         2.00 |
|  clk_IBUF_BUFG | u_instrmembrom/u_mem_generator_0/MemWriteExp_OBUF_inst_i_1_46[0]  |                  |                6 |              8 |         1.33 |
|  clk_IBUF_BUFG | u_instrmembrom/u_mem_generator_0/MemWriteExp_OBUF_inst_i_1_18[0]  |                  |                6 |              8 |         1.33 |
|  clk_IBUF_BUFG | u_instrmembrom/u_mem_generator_0/MemWriteExp_OBUF_inst_i_1_33[0]  |                  |                6 |              8 |         1.33 |
|  clk_IBUF_BUFG | u_instrmembrom/u_mem_generator_0/MemWriteExp_OBUF_inst_i_1_14[0]  |                  |                4 |              8 |         2.00 |
|  clk_IBUF_BUFG | u_instrmembrom/u_mem_generator_0/MemWriteExp_OBUF_inst_i_1_42[0]  |                  |                8 |              8 |         1.00 |
|  clk_IBUF_BUFG | u_instrmembrom/u_mem_generator_0/MemWriteExp_OBUF_inst_i_1_47[0]  |                  |                4 |              8 |         2.00 |
|  clk_IBUF_BUFG | u_instrmembrom/u_mem_generator_0/MemWriteExp_OBUF_inst_i_1_48[0]  |                  |                7 |              8 |         1.14 |
|  clk_IBUF_BUFG | u_instrmembrom/u_mem_generator_0/MemWriteExp_OBUF_inst_i_1_49[0]  |                  |                4 |              8 |         2.00 |
|  clk_IBUF_BUFG | u_instrmembrom/u_mem_generator_0/MemWriteExp_OBUF_inst_i_1_107[0] |                  |                7 |              8 |         1.14 |
|  clk_IBUF_BUFG | u_instrmembrom/u_mem_generator_0/MemWriteExp_OBUF_inst_i_1_110[0] |                  |                5 |              8 |         1.60 |
|  clk_IBUF_BUFG | u_instrmembrom/u_mem_generator_0/MemWriteExp_OBUF_inst_i_1_120[0] |                  |                8 |              8 |         1.00 |
|  clk_IBUF_BUFG | u_instrmembrom/u_mem_generator_0/MemWriteExp_OBUF_inst_i_1_122[0] |                  |                8 |              8 |         1.00 |
|  clk_IBUF_BUFG | u_instrmembrom/u_mem_generator_0/MemWriteExp_OBUF_inst_i_1_30[0]  |                  |                7 |              8 |         1.14 |
|  clk_IBUF_BUFG | u_instrmembrom/u_mem_generator_0/MemWriteExp_OBUF_inst_i_1_123[0] |                  |                5 |              8 |         1.60 |
|  clk_IBUF_BUFG | u_instrmembrom/u_mem_generator_0/MemWriteExp_OBUF_inst_i_1_3[0]   |                  |                8 |              8 |         1.00 |
|  clk_IBUF_BUFG | u_instrmembrom/u_mem_generator_0/MemWriteExp_OBUF_inst_i_1_28[0]  |                  |                8 |              8 |         1.00 |
|  clk_IBUF_BUFG | u_instrmembrom/u_mem_generator_0/MemWriteExp_OBUF_inst_i_1_35[0]  |                  |                5 |              8 |         1.60 |
|  clk_IBUF_BUFG | u_instrmembrom/u_mem_generator_0/MemWriteExp_OBUF_inst_i_1_36[0]  |                  |                4 |              8 |         2.00 |
|  clk_IBUF_BUFG | u_instrmembrom/u_mem_generator_0/MemWriteExp_OBUF_inst_i_1_41[0]  |                  |                4 |              8 |         2.00 |
|  clk_IBUF_BUFG | u_instrmembrom/u_mem_generator_0/MemWriteExp_OBUF_inst_i_1_119[0] |                  |                6 |              8 |         1.33 |
|  clk_IBUF_BUFG | u_instrmembrom/u_mem_generator_0/MemWriteExp_OBUF_inst_i_1_118[0] |                  |                5 |              8 |         1.60 |
|  clk_IBUF_BUFG | u_instrmembrom/u_mem_generator_0/MemWriteExp_OBUF_inst_i_1_27[0]  |                  |                4 |              8 |         2.00 |
|  clk_IBUF_BUFG | u_instrmembrom/u_mem_generator_0/MemWriteExp_OBUF_inst_i_1_17[0]  |                  |                7 |              8 |         1.14 |
|  clk_IBUF_BUFG | u_instrmembrom/u_mem_generator_0/MemWriteExp_OBUF_inst_i_1_109[0] |                  |                4 |              8 |         2.00 |
|  clk_IBUF_BUFG | u_instrmembrom/u_mem_generator_0/MemWriteExp_OBUF_inst_i_1_12[0]  |                  |                3 |              8 |         2.67 |
|  clk_IBUF_BUFG | u_instrmembrom/u_mem_generator_0/MemWriteExp_OBUF_inst_i_1_15[0]  |                  |                3 |              8 |         2.67 |
|  clk_IBUF_BUFG | u_instrmembrom/u_mem_generator_0/MemWriteExp_OBUF_inst_i_1_121[0] |                  |                6 |              8 |         1.33 |
|  clk_IBUF_BUFG | u_instrmembrom/u_mem_generator_0/MemWriteExp_OBUF_inst_i_1_20[0]  |                  |                4 |              8 |         2.00 |
|  clk_IBUF_BUFG | u_instrmembrom/u_mem_generator_0/MemWriteExp_OBUF_inst_i_1_22[0]  |                  |                7 |              8 |         1.14 |
|  clk_IBUF_BUFG | u_instrmembrom/u_mem_generator_0/MemWriteExp_OBUF_inst_i_1_31[0]  |                  |                6 |              8 |         1.33 |
|  clk_IBUF_BUFG | u_instrmembrom/u_mem_generator_0/MemWriteExp_OBUF_inst_i_1_39[0]  |                  |                6 |              8 |         1.33 |
|  clk_IBUF_BUFG | u_instrmembrom/u_mem_generator_0/MemWriteExp_OBUF_inst_i_1_111[0] |                  |                6 |              8 |         1.33 |
|  clk_IBUF_BUFG | u_instrmembrom/u_mem_generator_0/MemWriteExp_OBUF_inst_i_1_113[0] |                  |                6 |              8 |         1.33 |
|  clk_IBUF_BUFG | u_instrmembrom/u_mem_generator_0/MemWriteExp_OBUF_inst_i_1_21[0]  |                  |                7 |              8 |         1.14 |
|  clk_IBUF_BUFG | u_instrmembrom/u_mem_generator_0/MemWriteExp_OBUF_inst_i_1_115[0] |                  |                7 |              8 |         1.14 |
|  clk_IBUF_BUFG | u_instrmembrom/u_mem_generator_0/MemWriteExp_OBUF_inst_i_1_126[0] |                  |                2 |              8 |         4.00 |
|  clk_IBUF_BUFG | u_instrmembrom/u_mem_generator_0/MemWriteExp_OBUF_inst_i_1_24[0]  |                  |                8 |              8 |         1.00 |
|  clk_IBUF_BUFG | u_instrmembrom/u_mem_generator_0/MemWriteExp_OBUF_inst_i_1_13[0]  |                  |                7 |              8 |         1.14 |
|  clk_IBUF_BUFG | u_instrmembrom/u_mem_generator_0/MemWriteExp_OBUF_inst_i_1_23[0]  |                  |                8 |              8 |         1.00 |
|  clk_IBUF_BUFG | u_instrmembrom/u_mem_generator_0/MemWriteExp_OBUF_inst_i_1_26[0]  |                  |                6 |              8 |         1.33 |
|  clk_IBUF_BUFG | u_instrmembrom/u_mem_generator_0/MemWriteExp_OBUF_inst_i_1_4[0]   |                  |                5 |              8 |         1.60 |
|  clk_IBUF_BUFG | u_instrmembrom/u_mem_generator_0/MemWriteExp_OBUF_inst_i_1_16[0]  |                  |                5 |              8 |         1.60 |
|  clk_IBUF_BUFG | u_instrmembrom/u_mem_generator_0/MemWriteExp_OBUF_inst_i_1_43[0]  |                  |                7 |              8 |         1.14 |
|  clk_IBUF_BUFG | u_instrmembrom/u_mem_generator_0/MemWriteExp_OBUF_inst_i_1_11[0]  |                  |                6 |              8 |         1.33 |
|  clk_IBUF_BUFG | u_instrmembrom/u_mem_generator_0/MemWriteExp_OBUF_inst_i_1_69[0]  |                  |                6 |              8 |         1.33 |
|  clk_IBUF_BUFG | u_instrmembrom/u_mem_generator_0/MemWriteExp_OBUF_inst_i_1_98[0]  |                  |                5 |              8 |         1.60 |
|  clk_IBUF_BUFG | u_instrmembrom/u_mem_generator_0/MemWriteExp_OBUF_inst_i_1_55[0]  |                  |                3 |              8 |         2.67 |
|  clk_IBUF_BUFG | u_instrmembrom/u_mem_generator_0/MemWriteExp_OBUF_inst_i_1_74[0]  |                  |                4 |              8 |         2.00 |
|  clk_IBUF_BUFG | u_instrmembrom/u_mem_generator_0/MemWriteExp_OBUF_inst_i_1_81[0]  |                  |                7 |              8 |         1.14 |
|  clk_IBUF_BUFG | u_instrmembrom/u_mem_generator_0/MemWriteExp_OBUF_inst_i_1_56[0]  |                  |                6 |              8 |         1.33 |
|  clk_IBUF_BUFG | u_instrmembrom/u_mem_generator_0/MemWriteExp_OBUF_inst_i_1_59[0]  |                  |                5 |              8 |         1.60 |
|  clk_IBUF_BUFG | u_instrmembrom/u_mem_generator_0/MemWriteExp_OBUF_inst_i_1_7[0]   |                  |                4 |              8 |         2.00 |
|  clk_IBUF_BUFG | u_instrmembrom/u_mem_generator_0/MemWriteExp_OBUF_inst_i_1_67[0]  |                  |                7 |              8 |         1.14 |
|  clk_IBUF_BUFG | u_instrmembrom/u_mem_generator_0/MemWriteExp_OBUF_inst_i_1_72[0]  |                  |                4 |              8 |         2.00 |
|  clk_IBUF_BUFG | u_instrmembrom/u_mem_generator_0/MemWriteExp_OBUF_inst_i_1_63[0]  |                  |                6 |              8 |         1.33 |
|  clk_IBUF_BUFG | u_instrmembrom/u_mem_generator_0/MemWriteExp_OBUF_inst_i_1_68[0]  |                  |                8 |              8 |         1.00 |
|  clk_IBUF_BUFG | u_instrmembrom/u_mem_generator_0/MemWriteExp_OBUF_inst_i_1_79[0]  |                  |                7 |              8 |         1.14 |
|  clk_IBUF_BUFG | u_instrmembrom/u_mem_generator_0/MemWriteExp_OBUF_inst_i_1_75[0]  |                  |                5 |              8 |         1.60 |
|  clk_IBUF_BUFG | u_instrmembrom/u_mem_generator_0/MemWriteExp_OBUF_inst_i_1_8[0]   |                  |                3 |              8 |         2.67 |
|  clk_IBUF_BUFG | u_instrmembrom/u_mem_generator_0/MemWriteExp_OBUF_inst_i_1_50[0]  |                  |                6 |              8 |         1.33 |
|  clk_IBUF_BUFG | u_instrmembrom/u_mem_generator_0/MemWriteExp_OBUF_inst_i_1_77[0]  |                  |                7 |              8 |         1.14 |
|  clk_IBUF_BUFG | u_instrmembrom/u_mem_generator_0/MemWriteExp_OBUF_inst_i_1_82[0]  |                  |                5 |              8 |         1.60 |
|  clk_IBUF_BUFG | u_instrmembrom/u_mem_generator_0/MemWriteExp_OBUF_inst_i_1_85[0]  |                  |                4 |              8 |         2.00 |
|  clk_IBUF_BUFG | u_instrmembrom/u_mem_generator_0/MemWriteExp_OBUF_inst_i_1_5[0]   |                  |                4 |              8 |         2.00 |
|  clk_IBUF_BUFG | u_instrmembrom/u_mem_generator_0/MemWriteExp_OBUF_inst_i_1_76[0]  |                  |                4 |              8 |         2.00 |
|  clk_IBUF_BUFG | u_instrmembrom/u_mem_generator_0/MemWriteExp_OBUF_inst_i_1_89[0]  |                  |                2 |              8 |         4.00 |
|  clk_IBUF_BUFG | u_instrmembrom/u_mem_generator_0/MemWriteExp_OBUF_inst_i_1_53[0]  |                  |                6 |              8 |         1.33 |
|  clk_IBUF_BUFG | u_instrmembrom/u_mem_generator_0/MemWriteExp_OBUF_inst_i_1_61[0]  |                  |                3 |              8 |         2.67 |
|  clk_IBUF_BUFG | u_instrmembrom/u_mem_generator_0/MemWriteExp_OBUF_inst_i_1_9[0]   |                  |                5 |              8 |         1.60 |
|  clk_IBUF_BUFG | u_instrmembrom/u_mem_generator_0/MemWriteExp_OBUF_inst_i_1_65[0]  |                  |                3 |              8 |         2.67 |
|  clk_IBUF_BUFG | u_instrmembrom/u_mem_generator_0/MemWriteExp_OBUF_inst_i_1_90[0]  |                  |                3 |              8 |         2.67 |
|  clk_IBUF_BUFG | u_instrmembrom/u_mem_generator_0/MemWriteExp_OBUF_inst_i_1_54[0]  |                  |                7 |              8 |         1.14 |
|  clk_IBUF_BUFG | u_instrmembrom/u_mem_generator_0/MemWriteExp_OBUF_inst_i_1_73[0]  |                  |                4 |              8 |         2.00 |
|  clk_IBUF_BUFG | u_instrmembrom/u_mem_generator_0/MemWriteExp_OBUF_inst_i_1_64[0]  |                  |                4 |              8 |         2.00 |
|  clk_IBUF_BUFG | u_instrmembrom/u_mem_generator_0/MemWriteExp_OBUF_inst_i_1_80[0]  |                  |                7 |              8 |         1.14 |
|  clk_IBUF_BUFG | u_instrmembrom/u_mem_generator_0/MemWriteExp_OBUF_inst_i_1_91[0]  |                  |                4 |              8 |         2.00 |
|  clk_IBUF_BUFG | u_instrmembrom/u_mem_generator_0/MemWriteExp_OBUF_inst_i_1_92[0]  |                  |                4 |              8 |         2.00 |
|  clk_IBUF_BUFG | u_instrmembrom/u_mem_generator_0/MemWriteExp_OBUF_inst_i_1_66[0]  |                  |                8 |              8 |         1.00 |
|  clk_IBUF_BUFG | u_instrmembrom/u_mem_generator_0/MemWriteExp_OBUF_inst_i_1_6[0]   |                  |                3 |              8 |         2.67 |
|  clk_IBUF_BUFG | u_instrmembrom/u_mem_generator_0/MemWriteExp_OBUF_inst_i_1_99[0]  |                  |                3 |              8 |         2.67 |
|  clk_IBUF_BUFG | u_instrmembrom/u_mem_generator_0/MemWriteExp_OBUF_inst_i_1_62[0]  |                  |                8 |              8 |         1.00 |
|  clk_IBUF_BUFG | u_instrmembrom/u_mem_generator_0/MemWriteExp_OBUF_inst_i_1_88[0]  |                  |                5 |              8 |         1.60 |
|  clk_IBUF_BUFG | u_instrmembrom/u_mem_generator_0/MemWriteExp_OBUF_inst_i_1_71[0]  |                  |                5 |              8 |         1.60 |
|  clk_IBUF_BUFG | u_instrmembrom/u_mem_generator_0/MemWriteExp_OBUF_inst_i_1_86[0]  |                  |                4 |              8 |         2.00 |
|  clk_IBUF_BUFG | u_instrmembrom/u_mem_generator_0/MemWriteExp_OBUF_inst_i_1_51[0]  |                  |                4 |              8 |         2.00 |
|  clk_IBUF_BUFG | u_instrmembrom/u_mem_generator_0/MemWriteExp_OBUF_inst_i_1_78[0]  |                  |                6 |              8 |         1.33 |
|  clk_IBUF_BUFG | u_instrmembrom/u_mem_generator_0/MemWriteExp_OBUF_inst_i_1_93[0]  |                  |                5 |              8 |         1.60 |
|  clk_IBUF_BUFG | u_instrmembrom/u_mem_generator_0/MemWriteExp_OBUF_inst_i_1_95[0]  |                  |                3 |              8 |         2.67 |
|  clk_IBUF_BUFG | u_instrmembrom/u_mem_generator_0/MemWriteExp_OBUF_inst_i_1_60[0]  |                  |                3 |              8 |         2.67 |
|  clk_IBUF_BUFG | u_instrmembrom/u_mem_generator_0/MemWriteExp_OBUF_inst_i_1_94[0]  |                  |                4 |              8 |         2.00 |
|  clk_IBUF_BUFG | u_instrmembrom/u_mem_generator_0/MemWriteExp_OBUF_inst_i_1_97[0]  |                  |                2 |              8 |         4.00 |
|  clk_IBUF_BUFG | u_instrmembrom/u_mem_generator_0/MemWriteExp_OBUF_inst_i_1_57[0]  |                  |                5 |              8 |         1.60 |
|  clk_IBUF_BUFG | u_instrmembrom/u_mem_generator_0/MemWriteExp_OBUF_inst_i_1_83[0]  |                  |                4 |              8 |         2.00 |
|  clk_IBUF_BUFG | u_instrmembrom/u_mem_generator_0/MemWriteExp_OBUF_inst_i_1_52[0]  |                  |                8 |              8 |         1.00 |
|  clk_IBUF_BUFG | u_instrmembrom/u_mem_generator_0/MemWriteExp_OBUF_inst_i_1_58[0]  |                  |                5 |              8 |         1.60 |
|  clk_IBUF_BUFG | u_instrmembrom/u_mem_generator_0/MemWriteExp_OBUF_inst_i_1_84[0]  |                  |                4 |              8 |         2.00 |
|  clk_IBUF_BUFG | u_instrmembrom/u_mem_generator_0/MemWriteExp_OBUF_inst_i_1_96[0]  |                  |                4 |              8 |         2.00 |
|  clk_IBUF_BUFG | u_instrmembrom/u_mem_generator_0/MemWriteExp_OBUF_inst_i_1_87[0]  |                  |                5 |              8 |         1.60 |
|  clk_IBUF_BUFG |                                                                   |                  |               14 |             32 |         2.29 |
|  clk_IBUF_BUFG | u_instrmembrom/u_mem_generator_0/RegWriteExp_OBUF                 |                  |               11 |             88 |         8.00 |
+----------------+-------------------------------------------------------------------+------------------+------------------+----------------+--------------+


