Copyright 1986-2021 Xilinx, Inc. All Rights Reserved.
-----------------------------------------------------------------------------------------
| Tool Version : Vivado v.2021.2 (win64) Build 3367213 Tue Oct 19 02:48:09 MDT 2021
| Date         : Fri Mar 25 12:46:10 2022
| Host         : LAPTOP-TDKNUURL running 64-bit major release  (build 9200)
| Command      : report_control_sets -verbose -file Chip_InstrIP_control_sets_placed.rpt
| Design       : Chip_InstrIP
| Device       : xc7vx485t
-----------------------------------------------------------------------------------------

Control Set Information

Table of Contents
-----------------
1. Summary
2. Histogram
3. Flip-Flop Distribution
4. Detailed Control Set Information

1. Summary
----------

+----------------------------------------------------------+-------+
|                          Status                          | Count |
+----------------------------------------------------------+-------+
| Total control sets                                       |   258 |
|    Minimum number of control sets                        |   258 |
|    Addition due to synthesis replication                 |     0 |
|    Addition due to physical synthesis replication        |     0 |
| Unused register locations in slices containing registers |     0 |
+----------------------------------------------------------+-------+
* Control sets can be merged at opt_design using control_set_merge or merge_equivalent_drivers
** Run report_qor_suggestions for automated merging and remapping suggestions


2. Histogram
------------

+--------------------+-------+
|       Fanout       | Count |
+--------------------+-------+
| Total control sets |   258 |
| >= 0 to < 4        |     0 |
| >= 4 to < 6        |     0 |
| >= 6 to < 8        |     0 |
| >= 8 to < 10       |   256 |
| >= 10 to < 12      |     0 |
| >= 12 to < 14      |     0 |
| >= 14 to < 16      |     0 |
| >= 16              |     2 |
+--------------------+-------+
* Control sets can be remapped at either synth_design or opt_design


3. Flip-Flop Distribution
-------------------------

+--------------+-----------------------+------------------------+-----------------+--------------+
| Clock Enable | Synchronous Set/Reset | Asynchronous Set/Reset | Total Registers | Total Slices |
+--------------+-----------------------+------------------------+-----------------+--------------+
| No           | No                    | No                     |              32 |           19 |
| No           | No                    | Yes                    |               0 |            0 |
| No           | Yes                   | No                     |               0 |            0 |
| Yes          | No                    | No                     |            2048 |         1415 |
| Yes          | No                    | Yes                    |               0 |            0 |
| Yes          | Yes                   | No                     |               0 |            0 |
+--------------+-----------------------+------------------------+-----------------+--------------+


4. Detailed Control Set Information
-----------------------------------

+----------------+------------------------------------------------------------------+------------------+------------------+----------------+--------------+
|  Clock Signal  |                           Enable Signal                          | Set/Reset Signal | Slice Load Count | Bel Load Count | Bels / Slice |
+----------------+------------------------------------------------------------------+------------------+------------------+----------------+--------------+
|  clk_IBUF_BUFG | u_instrmemrom/u_mem_generator_3/MemWriteExp_OBUF_inst_i_1_22[0]  |                  |                6 |              8 |         1.33 |
|  clk_IBUF_BUFG | u_instrmemrom/u_mem_generator_3/store[39][7]_i_2_96[0]           |                  |                5 |              8 |         1.60 |
|  clk_IBUF_BUFG | u_instrmemrom/u_mem_generator_3/MemWriteExp_OBUF_inst_i_1_31[0]  |                  |                4 |              8 |         2.00 |
|  clk_IBUF_BUFG | u_instrmemrom/u_mem_generator_3/MemWriteExp_OBUF_inst_i_1_103[0] |                  |                7 |              8 |         1.14 |
|  clk_IBUF_BUFG | u_instrmemrom/u_mem_generator_3/MemWriteExp_OBUF_inst_i_1_3[0]   |                  |                4 |              8 |         2.00 |
|  clk_IBUF_BUFG | u_instrmemrom/u_mem_generator_3/MemWriteExp_OBUF_inst_i_1_21[0]  |                  |                7 |              8 |         1.14 |
|  clk_IBUF_BUFG | u_instrmemrom/u_mem_generator_3/MemWriteExp_OBUF_inst_i_1_32[0]  |                  |                4 |              8 |         2.00 |
|  clk_IBUF_BUFG | u_instrmemrom/u_mem_generator_3/MemWriteExp_OBUF_inst_i_1_28[0]  |                  |                8 |              8 |         1.00 |
|  clk_IBUF_BUFG | u_instrmemrom/u_mem_generator_3/MemWriteExp_OBUF_inst_i_1_123[0] |                  |                6 |              8 |         1.33 |
|  clk_IBUF_BUFG | u_instrmemrom/u_mem_generator_3/MemWriteExp_OBUF_inst_i_1_33[0]  |                  |                5 |              8 |         1.60 |
|  clk_IBUF_BUFG | u_instrmemrom/u_mem_generator_3/MemWriteExp_OBUF_inst_i_1_34[0]  |                  |                7 |              8 |         1.14 |
|  clk_IBUF_BUFG | u_instrmemrom/u_mem_generator_3/MemWriteExp_OBUF_inst_i_1_24[0]  |                  |                6 |              8 |         1.33 |
|  clk_IBUF_BUFG | u_instrmemrom/u_mem_generator_3/MemWriteExp_OBUF_inst_i_1_14[0]  |                  |                5 |              8 |         1.60 |
|  clk_IBUF_BUFG | u_instrmemrom/u_mem_generator_3/MemWriteExp_OBUF_inst_i_1_15[0]  |                  |                3 |              8 |         2.67 |
|  clk_IBUF_BUFG | u_instrmemrom/u_mem_generator_3/MemWriteExp_OBUF_inst_i_1_11[0]  |                  |                5 |              8 |         1.60 |
|  clk_IBUF_BUFG | u_instrmemrom/u_mem_generator_3/MemWriteExp_OBUF_inst_i_1_110[0] |                  |                6 |              8 |         1.33 |
|  clk_IBUF_BUFG | u_instrmemrom/u_mem_generator_3/MemWriteExp_OBUF_inst_i_1_0[0]   |                  |                6 |              8 |         1.33 |
|  clk_IBUF_BUFG | u_instrmemrom/u_mem_generator_3/MemWriteExp_OBUF_inst_i_1_106[0] |                  |                8 |              8 |         1.00 |
|  clk_IBUF_BUFG | u_instrmemrom/u_mem_generator_3/MemWriteExp_OBUF_inst_i_1_114[0] |                  |                6 |              8 |         1.33 |
|  clk_IBUF_BUFG | u_instrmemrom/u_mem_generator_3/MemWriteExp_OBUF_inst_i_1[0]     |                  |                8 |              8 |         1.00 |
|  clk_IBUF_BUFG | u_instrmemrom/u_mem_generator_3/MemWriteExp_OBUF_inst_i_1_1[0]   |                  |                8 |              8 |         1.00 |
|  clk_IBUF_BUFG | u_instrmemrom/u_mem_generator_3/MemWriteExp_OBUF_inst_i_1_101[0] |                  |                5 |              8 |         1.60 |
|  clk_IBUF_BUFG | u_instrmemrom/u_mem_generator_3/MemWriteExp_OBUF_inst_i_1_105[0] |                  |                7 |              8 |         1.14 |
|  clk_IBUF_BUFG | u_instrmemrom/u_mem_generator_3/MemWriteExp_OBUF_inst_i_1_107[0] |                  |                8 |              8 |         1.00 |
|  clk_IBUF_BUFG | u_instrmemrom/u_mem_generator_3/MemWriteExp_OBUF_inst_i_1_111[0] |                  |                7 |              8 |         1.14 |
|  clk_IBUF_BUFG | u_instrmemrom/u_mem_generator_3/MemWriteExp_OBUF_inst_i_1_112[0] |                  |                6 |              8 |         1.33 |
|  clk_IBUF_BUFG | u_instrmemrom/u_mem_generator_3/MemWriteExp_OBUF_inst_i_1_116[0] |                  |                6 |              8 |         1.33 |
|  clk_IBUF_BUFG | u_instrmemrom/u_mem_generator_3/MemWriteExp_OBUF_inst_i_1_117[0] |                  |                4 |              8 |         2.00 |
|  clk_IBUF_BUFG | u_instrmemrom/u_mem_generator_3/MemWriteExp_OBUF_inst_i_1_119[0] |                  |                7 |              8 |         1.14 |
|  clk_IBUF_BUFG | u_instrmemrom/u_mem_generator_3/MemWriteExp_OBUF_inst_i_1_16[0]  |                  |                5 |              8 |         1.60 |
|  clk_IBUF_BUFG | u_instrmemrom/u_mem_generator_3/MemWriteExp_OBUF_inst_i_1_17[0]  |                  |                4 |              8 |         2.00 |
|  clk_IBUF_BUFG | u_instrmemrom/u_mem_generator_3/MemWriteExp_OBUF_inst_i_1_20[0]  |                  |                6 |              8 |         1.33 |
|  clk_IBUF_BUFG | u_instrmemrom/u_mem_generator_3/MemWriteExp_OBUF_inst_i_1_66[0]  |                  |                8 |              8 |         1.00 |
|  clk_IBUF_BUFG | u_instrmemrom/u_mem_generator_3/MemWriteExp_OBUF_inst_i_1_115[0] |                  |                4 |              8 |         2.00 |
|  clk_IBUF_BUFG | u_instrmemrom/u_mem_generator_3/MemWriteExp_OBUF_inst_i_1_25[0]  |                  |                5 |              8 |         1.60 |
|  clk_IBUF_BUFG | u_instrmemrom/u_mem_generator_3/MemWriteExp_OBUF_inst_i_1_10[0]  |                  |                7 |              8 |         1.14 |
|  clk_IBUF_BUFG | u_instrmemrom/u_mem_generator_3/MemWriteExp_OBUF_inst_i_1_108[0] |                  |                8 |              8 |         1.00 |
|  clk_IBUF_BUFG | u_instrmemrom/u_mem_generator_3/MemWriteExp_OBUF_inst_i_1_104[0] |                  |                7 |              8 |         1.14 |
|  clk_IBUF_BUFG | u_instrmemrom/u_mem_generator_3/MemWriteExp_OBUF_inst_i_1_120[0] |                  |                7 |              8 |         1.14 |
|  clk_IBUF_BUFG | u_instrmemrom/u_mem_generator_3/MemWriteExp_OBUF_inst_i_1_122[0] |                  |                6 |              8 |         1.33 |
|  clk_IBUF_BUFG | u_instrmemrom/u_mem_generator_3/MemWriteExp_OBUF_inst_i_1_13[0]  |                  |                7 |              8 |         1.14 |
|  clk_IBUF_BUFG | u_instrmemrom/u_mem_generator_3/MemWriteExp_OBUF_inst_i_1_113[0] |                  |                4 |              8 |         2.00 |
|  clk_IBUF_BUFG | u_instrmemrom/u_mem_generator_3/MemWriteExp_OBUF_inst_i_1_26[0]  |                  |                7 |              8 |         1.14 |
|  clk_IBUF_BUFG | u_instrmemrom/u_mem_generator_3/MemWriteExp_OBUF_inst_i_1_2[0]   |                  |                6 |              8 |         1.33 |
|  clk_IBUF_BUFG | u_instrmemrom/u_mem_generator_3/MemWriteExp_OBUF_inst_i_1_100[0] |                  |                3 |              8 |         2.67 |
|  clk_IBUF_BUFG | u_instrmemrom/u_mem_generator_3/MemWriteExp_OBUF_inst_i_1_125[0] |                  |                6 |              8 |         1.33 |
|  clk_IBUF_BUFG | u_instrmemrom/u_mem_generator_3/MemWriteExp_OBUF_inst_i_1_23[0]  |                  |                5 |              8 |         1.60 |
|  clk_IBUF_BUFG | u_instrmemrom/u_mem_generator_3/MemWriteExp_OBUF_inst_i_1_27[0]  |                  |                8 |              8 |         1.00 |
|  clk_IBUF_BUFG | u_instrmemrom/u_mem_generator_3/MemWriteExp_OBUF_inst_i_1_102[0] |                  |                6 |              8 |         1.33 |
|  clk_IBUF_BUFG | u_instrmemrom/u_mem_generator_3/MemWriteExp_OBUF_inst_i_1_118[0] |                  |                6 |              8 |         1.33 |
|  clk_IBUF_BUFG | u_instrmemrom/u_mem_generator_3/MemWriteExp_OBUF_inst_i_1_12[0]  |                  |                6 |              8 |         1.33 |
|  clk_IBUF_BUFG | u_instrmemrom/u_mem_generator_3/E[0]                             |                  |                4 |              8 |         2.00 |
|  clk_IBUF_BUFG | u_instrmemrom/u_mem_generator_3/MemWriteExp_OBUF_inst_i_1_109[0] |                  |                6 |              8 |         1.33 |
|  clk_IBUF_BUFG | u_instrmemrom/u_mem_generator_3/MemWriteExp_OBUF_inst_i_1_121[0] |                  |                8 |              8 |         1.00 |
|  clk_IBUF_BUFG | u_instrmemrom/u_mem_generator_3/MemWriteExp_OBUF_inst_i_1_19[0]  |                  |                5 |              8 |         1.60 |
|  clk_IBUF_BUFG | u_instrmemrom/u_mem_generator_3/MemWriteExp_OBUF_inst_i_1_18[0]  |                  |                6 |              8 |         1.33 |
|  clk_IBUF_BUFG | u_instrmemrom/u_mem_generator_3/MemWriteExp_OBUF_inst_i_1_124[0] |                  |                6 |              8 |         1.33 |
|  clk_IBUF_BUFG | u_instrmemrom/u_mem_generator_3/MemWriteExp_OBUF_inst_i_1_29[0]  |                  |                5 |              8 |         1.60 |
|  clk_IBUF_BUFG | u_instrmemrom/u_mem_generator_3/MemWriteExp_OBUF_inst_i_1_30[0]  |                  |                2 |              8 |         4.00 |
|  clk_IBUF_BUFG | u_instrmemrom/u_mem_generator_3/MemWriteExp_OBUF_inst_i_1_48[0]  |                  |                4 |              8 |         2.00 |
|  clk_IBUF_BUFG | u_instrmemrom/u_mem_generator_3/MemWriteExp_OBUF_inst_i_1_35[0]  |                  |                4 |              8 |         2.00 |
|  clk_IBUF_BUFG | u_instrmemrom/u_mem_generator_3/MemWriteExp_OBUF_inst_i_1_41[0]  |                  |                5 |              8 |         1.60 |
|  clk_IBUF_BUFG | u_instrmemrom/u_mem_generator_3/MemWriteExp_OBUF_inst_i_1_54[0]  |                  |                5 |              8 |         1.60 |
|  clk_IBUF_BUFG | u_instrmemrom/u_mem_generator_3/MemWriteExp_OBUF_inst_i_1_65[0]  |                  |                4 |              8 |         2.00 |
|  clk_IBUF_BUFG | u_instrmemrom/u_mem_generator_3/store[39][7]_i_2_97[0]           |                  |                7 |              8 |         1.14 |
|  clk_IBUF_BUFG | u_instrmemrom/u_mem_generator_3/MemWriteExp_OBUF_inst_i_1_71[0]  |                  |                4 |              8 |         2.00 |
|  clk_IBUF_BUFG | u_instrmemrom/u_mem_generator_3/MemWriteExp_OBUF_inst_i_1_4[0]   |                  |                3 |              8 |         2.67 |
|  clk_IBUF_BUFG | u_instrmemrom/u_mem_generator_3/MemWriteExp_OBUF_inst_i_1_39[0]  |                  |                3 |              8 |         2.67 |
|  clk_IBUF_BUFG | u_instrmemrom/u_mem_generator_3/MemWriteExp_OBUF_inst_i_1_74[0]  |                  |                6 |              8 |         1.33 |
|  clk_IBUF_BUFG | u_instrmemrom/u_mem_generator_3/MemWriteExp_OBUF_inst_i_1_73[0]  |                  |                6 |              8 |         1.33 |
|  clk_IBUF_BUFG | u_instrmemrom/u_mem_generator_3/MemWriteExp_OBUF_inst_i_1_76[0]  |                  |                6 |              8 |         1.33 |
|  clk_IBUF_BUFG | u_instrmemrom/u_mem_generator_3/MemWriteExp_OBUF_inst_i_1_77[0]  |                  |                4 |              8 |         2.00 |
|  clk_IBUF_BUFG | u_instrmemrom/u_mem_generator_3/MemWriteExp_OBUF_inst_i_1_53[0]  |                  |                7 |              8 |         1.14 |
|  clk_IBUF_BUFG | u_instrmemrom/u_mem_generator_3/MemWriteExp_OBUF_inst_i_1_58[0]  |                  |                6 |              8 |         1.33 |
|  clk_IBUF_BUFG | u_instrmemrom/u_mem_generator_3/MemWriteExp_OBUF_inst_i_1_62[0]  |                  |                5 |              8 |         1.60 |
|  clk_IBUF_BUFG | u_instrmemrom/u_mem_generator_3/MemWriteExp_OBUF_inst_i_1_79[0]  |                  |                7 |              8 |         1.14 |
|  clk_IBUF_BUFG | u_instrmemrom/u_mem_generator_3/MemWriteExp_OBUF_inst_i_1_61[0]  |                  |                2 |              8 |         4.00 |
|  clk_IBUF_BUFG | u_instrmemrom/u_mem_generator_3/MemWriteExp_OBUF_inst_i_1_72[0]  |                  |                4 |              8 |         2.00 |
|  clk_IBUF_BUFG | u_instrmemrom/u_mem_generator_3/MemWriteExp_OBUF_inst_i_1_8[0]   |                  |                6 |              8 |         1.33 |
|  clk_IBUF_BUFG | u_instrmemrom/u_mem_generator_3/MemWriteExp_OBUF_inst_i_1_81[0]  |                  |                6 |              8 |         1.33 |
|  clk_IBUF_BUFG | u_instrmemrom/u_mem_generator_3/MemWriteExp_OBUF_inst_i_1_60[0]  |                  |                4 |              8 |         2.00 |
|  clk_IBUF_BUFG | u_instrmemrom/u_mem_generator_3/MemWriteExp_OBUF_inst_i_1_47[0]  |                  |                4 |              8 |         2.00 |
|  clk_IBUF_BUFG | u_instrmemrom/u_mem_generator_3/MemWriteExp_OBUF_inst_i_1_45[0]  |                  |                7 |              8 |         1.14 |
|  clk_IBUF_BUFG | u_instrmemrom/u_mem_generator_3/MemWriteExp_OBUF_inst_i_1_63[0]  |                  |                3 |              8 |         2.67 |
|  clk_IBUF_BUFG | u_instrmemrom/u_mem_generator_3/MemWriteExp_OBUF_inst_i_1_40[0]  |                  |                4 |              8 |         2.00 |
|  clk_IBUF_BUFG | u_instrmemrom/u_mem_generator_3/MemWriteExp_OBUF_inst_i_1_68[0]  |                  |                6 |              8 |         1.33 |
|  clk_IBUF_BUFG | u_instrmemrom/u_mem_generator_3/MemWriteExp_OBUF_inst_i_1_80[0]  |                  |                6 |              8 |         1.33 |
|  clk_IBUF_BUFG | u_instrmemrom/u_mem_generator_3/MemWriteExp_OBUF_inst_i_1_46[0]  |                  |                4 |              8 |         2.00 |
|  clk_IBUF_BUFG | u_instrmemrom/u_mem_generator_3/MemWriteExp_OBUF_inst_i_1_83[0]  |                  |                8 |              8 |         1.00 |
|  clk_IBUF_BUFG | u_instrmemrom/u_mem_generator_3/MemWriteExp_OBUF_inst_i_1_85[0]  |                  |                4 |              8 |         2.00 |
|  clk_IBUF_BUFG | u_instrmemrom/u_mem_generator_3/MemWriteExp_OBUF_inst_i_1_86[0]  |                  |                7 |              8 |         1.14 |
|  clk_IBUF_BUFG | u_instrmemrom/u_mem_generator_3/MemWriteExp_OBUF_inst_i_1_87[0]  |                  |                5 |              8 |         1.60 |
|  clk_IBUF_BUFG | u_instrmemrom/u_mem_generator_3/MemWriteExp_OBUF_inst_i_1_50[0]  |                  |                8 |              8 |         1.00 |
|  clk_IBUF_BUFG | u_instrmemrom/u_mem_generator_3/MemWriteExp_OBUF_inst_i_1_55[0]  |                  |                5 |              8 |         1.60 |
|  clk_IBUF_BUFG | u_instrmemrom/u_mem_generator_3/MemWriteExp_OBUF_inst_i_1_38[0]  |                  |                3 |              8 |         2.67 |
|  clk_IBUF_BUFG | u_instrmemrom/u_mem_generator_3/MemWriteExp_OBUF_inst_i_1_59[0]  |                  |                5 |              8 |         1.60 |
|  clk_IBUF_BUFG | u_instrmemrom/u_mem_generator_3/MemWriteExp_OBUF_inst_i_1_67[0]  |                  |                6 |              8 |         1.33 |
|  clk_IBUF_BUFG | u_instrmemrom/u_mem_generator_3/MemWriteExp_OBUF_inst_i_1_84[0]  |                  |                6 |              8 |         1.33 |
|  clk_IBUF_BUFG | u_instrmemrom/u_mem_generator_3/MemWriteExp_OBUF_inst_i_1_36[0]  |                  |                6 |              8 |         1.33 |
|  clk_IBUF_BUFG | u_instrmemrom/u_mem_generator_3/MemWriteExp_OBUF_inst_i_1_43[0]  |                  |                4 |              8 |         2.00 |
|  clk_IBUF_BUFG | u_instrmemrom/u_mem_generator_3/MemWriteExp_OBUF_inst_i_1_75[0]  |                  |                5 |              8 |         1.60 |
|  clk_IBUF_BUFG | u_instrmemrom/u_mem_generator_3/MemWriteExp_OBUF_inst_i_1_64[0]  |                  |                4 |              8 |         2.00 |
|  clk_IBUF_BUFG | u_instrmemrom/u_mem_generator_3/MemWriteExp_OBUF_inst_i_1_78[0]  |                  |                8 |              8 |         1.00 |
|  clk_IBUF_BUFG | u_instrmemrom/u_mem_generator_3/MemWriteExp_OBUF_inst_i_1_82[0]  |                  |                4 |              8 |         2.00 |
|  clk_IBUF_BUFG | u_instrmemrom/u_mem_generator_3/MemWriteExp_OBUF_inst_i_1_7[0]   |                  |                8 |              8 |         1.00 |
|  clk_IBUF_BUFG | u_instrmemrom/u_mem_generator_3/MemWriteExp_OBUF_inst_i_1_51[0]  |                  |                3 |              8 |         2.67 |
|  clk_IBUF_BUFG | u_instrmemrom/u_mem_generator_3/MemWriteExp_OBUF_inst_i_1_70[0]  |                  |                6 |              8 |         1.33 |
|  clk_IBUF_BUFG | u_instrmemrom/u_mem_generator_3/MemWriteExp_OBUF_inst_i_1_88[0]  |                  |                4 |              8 |         2.00 |
|  clk_IBUF_BUFG | u_instrmemrom/u_mem_generator_3/MemWriteExp_OBUF_inst_i_1_6[0]   |                  |                8 |              8 |         1.00 |
|  clk_IBUF_BUFG | u_instrmemrom/u_mem_generator_3/MemWriteExp_OBUF_inst_i_1_89[0]  |                  |                6 |              8 |         1.33 |
|  clk_IBUF_BUFG | u_instrmemrom/u_mem_generator_3/MemWriteExp_OBUF_inst_i_1_69[0]  |                  |                6 |              8 |         1.33 |
|  clk_IBUF_BUFG | u_instrmemrom/u_mem_generator_3/MemWriteExp_OBUF_inst_i_1_9[0]   |                  |                5 |              8 |         1.60 |
|  clk_IBUF_BUFG | u_instrmemrom/u_mem_generator_3/MemWriteExp_OBUF_inst_i_1_49[0]  |                  |                5 |              8 |         1.60 |
|  clk_IBUF_BUFG | u_instrmemrom/u_mem_generator_3/MemWriteExp_OBUF_inst_i_1_42[0]  |                  |                6 |              8 |         1.33 |
|  clk_IBUF_BUFG | u_instrmemrom/u_mem_generator_3/MemWriteExp_OBUF_inst_i_1_44[0]  |                  |                7 |              8 |         1.14 |
|  clk_IBUF_BUFG | u_instrmemrom/u_mem_generator_3/MemWriteExp_OBUF_inst_i_1_90[0]  |                  |                4 |              8 |         2.00 |
|  clk_IBUF_BUFG | u_instrmemrom/u_mem_generator_3/MemWriteExp_OBUF_inst_i_1_91[0]  |                  |                5 |              8 |         1.60 |
|  clk_IBUF_BUFG | u_instrmemrom/u_mem_generator_3/MemWriteExp_OBUF_inst_i_1_92[0]  |                  |                4 |              8 |         2.00 |
|  clk_IBUF_BUFG | u_instrmemrom/u_mem_generator_3/MemWriteExp_OBUF_inst_i_1_5[0]   |                  |                5 |              8 |         1.60 |
|  clk_IBUF_BUFG | u_instrmemrom/u_mem_generator_3/MemWriteExp_OBUF_inst_i_1_52[0]  |                  |                6 |              8 |         1.33 |
|  clk_IBUF_BUFG | u_instrmemrom/u_mem_generator_3/MemWriteExp_OBUF_inst_i_1_37[0]  |                  |                7 |              8 |         1.14 |
|  clk_IBUF_BUFG | u_instrmemrom/u_mem_generator_3/MemWriteExp_OBUF_inst_i_1_56[0]  |                  |                8 |              8 |         1.00 |
|  clk_IBUF_BUFG | u_instrmemrom/u_mem_generator_3/MemWriteExp_OBUF_inst_i_1_57[0]  |                  |                4 |              8 |         2.00 |
|  clk_IBUF_BUFG | u_instrmemrom/u_mem_generator_3/MemWriteExp_OBUF_inst_i_1_96[0]  |                  |                8 |              8 |         1.00 |
|  clk_IBUF_BUFG | u_instrmemrom/u_mem_generator_3/MemWriteExp_OBUF_inst_i_1_99[0]  |                  |                3 |              8 |         2.67 |
|  clk_IBUF_BUFG | u_instrmemrom/u_mem_generator_3/MemWriteExp_OBUF_inst_i_1_97[0]  |                  |                7 |              8 |         1.14 |
|  clk_IBUF_BUFG | u_instrmemrom/u_mem_generator_3/MemWriteExp_OBUF_inst_i_1_95[0]  |                  |                5 |              8 |         1.60 |
|  clk_IBUF_BUFG | u_instrmemrom/u_mem_generator_3/MemWriteExp_OBUF_inst_i_1_94[0]  |                  |                4 |              8 |         2.00 |
|  clk_IBUF_BUFG | u_instrmemrom/u_mem_generator_3/MemWriteExp_OBUF_inst_i_1_98[0]  |                  |                8 |              8 |         1.00 |
|  clk_IBUF_BUFG | u_instrmemrom/u_mem_generator_3/MemWriteExp_OBUF_inst_i_1_93[0]  |                  |                3 |              8 |         2.67 |
|  clk_IBUF_BUFG | u_instrmemrom/u_mem_generator_3/store[39][7]_i_2_31[0]           |                  |                7 |              8 |         1.14 |
|  clk_IBUF_BUFG | u_instrmemrom/u_mem_generator_3/store[39][7]_i_2_104[0]          |                  |                7 |              8 |         1.14 |
|  clk_IBUF_BUFG | u_instrmemrom/u_mem_generator_3/store[39][7]_i_2_15[0]           |                  |                6 |              8 |         1.33 |
|  clk_IBUF_BUFG | u_instrmemrom/u_mem_generator_3/store[39][7]_i_2_34[0]           |                  |                6 |              8 |         1.33 |
|  clk_IBUF_BUFG | u_instrmemrom/u_mem_generator_3/store[39][7]_i_2_105[0]          |                  |                5 |              8 |         1.60 |
|  clk_IBUF_BUFG | u_instrmemrom/u_mem_generator_3/store[39][7]_i_2_16[0]           |                  |                5 |              8 |         1.60 |
|  clk_IBUF_BUFG | u_instrmemrom/u_mem_generator_3/store[39][7]_i_2_115[0]          |                  |                6 |              8 |         1.33 |
|  clk_IBUF_BUFG | u_instrmemrom/u_mem_generator_3/store[39][7]_i_2_35[0]           |                  |                4 |              8 |         2.00 |
|  clk_IBUF_BUFG | u_instrmemrom/u_mem_generator_3/store[39][7]_i_2_124[0]          |                  |                5 |              8 |         1.60 |
|  clk_IBUF_BUFG | u_instrmemrom/u_mem_generator_3/store[39][7]_i_2_30[0]           |                  |                6 |              8 |         1.33 |
|  clk_IBUF_BUFG | u_instrmemrom/u_mem_generator_3/store[39][7]_i_2_110[0]          |                  |                6 |              8 |         1.33 |
|  clk_IBUF_BUFG | u_instrmemrom/u_mem_generator_3/store[39][7]_i_2_109[0]          |                  |                5 |              8 |         1.60 |
|  clk_IBUF_BUFG | u_instrmemrom/u_mem_generator_3/store[39][7]_i_2_11[0]           |                  |                5 |              8 |         1.60 |
|  clk_IBUF_BUFG | u_instrmemrom/u_mem_generator_3/store[39][7]_i_2_125[0]          |                  |                7 |              8 |         1.14 |
|  clk_IBUF_BUFG | u_instrmemrom/u_mem_generator_3/store[39][7]_i_2_117[0]          |                  |                5 |              8 |         1.60 |
|  clk_IBUF_BUFG | u_instrmemrom/u_mem_generator_3/store[39][7]_i_2_2[0]            |                  |                2 |              8 |         4.00 |
|  clk_IBUF_BUFG | u_instrmemrom/u_mem_generator_3/store[39][7]_i_2_20[0]           |                  |                7 |              8 |         1.14 |
|  clk_IBUF_BUFG | u_instrmemrom/u_mem_generator_3/store[39][7]_i_2_22[0]           |                  |                6 |              8 |         1.33 |
|  clk_IBUF_BUFG | u_instrmemrom/u_mem_generator_3/store[39][7]_i_2_123[0]          |                  |                4 |              8 |         2.00 |
|  clk_IBUF_BUFG | u_instrmemrom/u_mem_generator_3/store[39][7]_i_2_121[0]          |                  |                6 |              8 |         1.33 |
|  clk_IBUF_BUFG | u_instrmemrom/u_mem_generator_3/store[39][7]_i_2_116[0]          |                  |                7 |              8 |         1.14 |
|  clk_IBUF_BUFG | u_instrmemrom/u_mem_generator_3/store[39][7]_i_2[0]              |                  |                5 |              8 |         1.60 |
|  clk_IBUF_BUFG | u_instrmemrom/u_mem_generator_3/store[39][7]_i_2_111[0]          |                  |                8 |              8 |         1.00 |
|  clk_IBUF_BUFG | u_instrmemrom/u_mem_generator_3/store[39][7]_i_2_26[0]           |                  |                4 |              8 |         2.00 |
|  clk_IBUF_BUFG | u_instrmemrom/u_mem_generator_3/store[39][7]_i_2_122[0]          |                  |                7 |              8 |         1.14 |
|  clk_IBUF_BUFG | u_instrmemrom/u_mem_generator_3/store[39][7]_i_2_106[0]          |                  |                5 |              8 |         1.60 |
|  clk_IBUF_BUFG | u_instrmemrom/u_mem_generator_3/store[39][7]_i_2_17[0]           |                  |                4 |              8 |         2.00 |
|  clk_IBUF_BUFG | u_instrmemrom/u_mem_generator_3/store[39][7]_i_2_28[0]           |                  |                3 |              8 |         2.67 |
|  clk_IBUF_BUFG | u_instrmemrom/u_mem_generator_3/store[39][7]_i_2_29[0]           |                  |                7 |              8 |         1.14 |
|  clk_IBUF_BUFG | u_instrmemrom/u_mem_generator_3/store[39][7]_i_2_10[0]           |                  |                6 |              8 |         1.33 |
|  clk_IBUF_BUFG | u_instrmemrom/u_mem_generator_3/store[39][7]_i_2_101[0]          |                  |                7 |              8 |         1.14 |
|  clk_IBUF_BUFG | u_instrmemrom/u_mem_generator_3/store[39][7]_i_2_126[0]          |                  |                6 |              8 |         1.33 |
|  clk_IBUF_BUFG | u_instrmemrom/u_mem_generator_3/store[39][7]_i_2_1[0]            |                  |                3 |              8 |         2.67 |
|  clk_IBUF_BUFG | u_instrmemrom/u_mem_generator_3/store[39][7]_i_2_0[0]            |                  |                7 |              8 |         1.14 |
|  clk_IBUF_BUFG | u_instrmemrom/u_mem_generator_3/store[39][7]_i_2_100[0]          |                  |                5 |              8 |         1.60 |
|  clk_IBUF_BUFG | u_instrmemrom/u_mem_generator_3/store[39][7]_i_2_108[0]          |                  |                7 |              8 |         1.14 |
|  clk_IBUF_BUFG | u_instrmemrom/u_mem_generator_3/store[39][7]_i_2_114[0]          |                  |                7 |              8 |         1.14 |
|  clk_IBUF_BUFG | u_instrmemrom/u_mem_generator_3/store[39][7]_i_2_19[0]           |                  |                5 |              8 |         1.60 |
|  clk_IBUF_BUFG | u_instrmemrom/u_mem_generator_3/store[39][7]_i_2_12[0]           |                  |                7 |              8 |         1.14 |
|  clk_IBUF_BUFG | u_instrmemrom/u_mem_generator_3/store[39][7]_i_2_21[0]           |                  |                6 |              8 |         1.33 |
|  clk_IBUF_BUFG | u_instrmemrom/u_mem_generator_3/store[39][7]_i_2_103[0]          |                  |                5 |              8 |         1.60 |
|  clk_IBUF_BUFG | u_instrmemrom/u_mem_generator_3/store[39][7]_i_2_14[0]           |                  |                4 |              8 |         2.00 |
|  clk_IBUF_BUFG | u_instrmemrom/u_mem_generator_3/store[39][7]_i_2_24[0]           |                  |                6 |              8 |         1.33 |
|  clk_IBUF_BUFG | u_instrmemrom/u_mem_generator_3/store[39][7]_i_2_107[0]          |                  |                6 |              8 |         1.33 |
|  clk_IBUF_BUFG | u_instrmemrom/u_mem_generator_3/store[39][7]_i_2_18[0]           |                  |                6 |              8 |         1.33 |
|  clk_IBUF_BUFG | u_instrmemrom/u_mem_generator_3/store[39][7]_i_2_25[0]           |                  |                5 |              8 |         1.60 |
|  clk_IBUF_BUFG | u_instrmemrom/u_mem_generator_3/store[39][7]_i_2_3[0]            |                  |                4 |              8 |         2.00 |
|  clk_IBUF_BUFG | u_instrmemrom/u_mem_generator_3/store[39][7]_i_2_32[0]           |                  |                7 |              8 |         1.14 |
|  clk_IBUF_BUFG | u_instrmemrom/u_mem_generator_3/store[39][7]_i_2_113[0]          |                  |                7 |              8 |         1.14 |
|  clk_IBUF_BUFG | u_instrmemrom/u_mem_generator_3/store[39][7]_i_2_119[0]          |                  |                7 |              8 |         1.14 |
|  clk_IBUF_BUFG | u_instrmemrom/u_mem_generator_3/store[39][7]_i_2_120[0]          |                  |                6 |              8 |         1.33 |
|  clk_IBUF_BUFG | u_instrmemrom/u_mem_generator_3/store[39][7]_i_2_33[0]           |                  |                5 |              8 |         1.60 |
|  clk_IBUF_BUFG | u_instrmemrom/u_mem_generator_3/store[39][7]_i_2_118[0]          |                  |                6 |              8 |         1.33 |
|  clk_IBUF_BUFG | u_instrmemrom/u_mem_generator_3/store[39][7]_i_2_23[0]           |                  |                7 |              8 |         1.14 |
|  clk_IBUF_BUFG | u_instrmemrom/u_mem_generator_3/store[39][7]_i_2_102[0]          |                  |                7 |              8 |         1.14 |
|  clk_IBUF_BUFG | u_instrmemrom/u_mem_generator_3/store[39][7]_i_2_112[0]          |                  |                5 |              8 |         1.60 |
|  clk_IBUF_BUFG | u_instrmemrom/u_mem_generator_3/store[39][7]_i_2_13[0]           |                  |                5 |              8 |         1.60 |
|  clk_IBUF_BUFG | u_instrmemrom/u_mem_generator_3/store[39][7]_i_2_27[0]           |                  |                5 |              8 |         1.60 |
|  clk_IBUF_BUFG | u_instrmemrom/u_mem_generator_3/store[39][7]_i_2_85[0]           |                  |                4 |              8 |         2.00 |
|  clk_IBUF_BUFG | u_instrmemrom/u_mem_generator_3/store[39][7]_i_2_86[0]           |                  |                6 |              8 |         1.33 |
|  clk_IBUF_BUFG | u_instrmemrom/u_mem_generator_3/store[39][7]_i_2_87[0]           |                  |                3 |              8 |         2.67 |
|  clk_IBUF_BUFG | u_instrmemrom/u_mem_generator_3/store[39][7]_i_2_89[0]           |                  |                5 |              8 |         1.60 |
|  clk_IBUF_BUFG | u_instrmemrom/u_mem_generator_3/store[39][7]_i_2_92[0]           |                  |                6 |              8 |         1.33 |
|  clk_IBUF_BUFG | u_instrmemrom/u_mem_generator_3/store[39][7]_i_2_6[0]            |                  |                7 |              8 |         1.14 |
|  clk_IBUF_BUFG | u_instrmemrom/u_mem_generator_3/store[39][7]_i_2_39[0]           |                  |                5 |              8 |         1.60 |
|  clk_IBUF_BUFG | u_instrmemrom/u_mem_generator_3/store[39][7]_i_2_8[0]            |                  |                8 |              8 |         1.00 |
|  clk_IBUF_BUFG | u_instrmemrom/u_mem_generator_3/store[39][7]_i_2_61[0]           |                  |                8 |              8 |         1.00 |
|  clk_IBUF_BUFG | u_instrmemrom/u_mem_generator_3/store[39][7]_i_2_56[0]           |                  |                8 |              8 |         1.00 |
|  clk_IBUF_BUFG | u_instrmemrom/u_mem_generator_3/store[39][7]_i_2_67[0]           |                  |                2 |              8 |         4.00 |
|  clk_IBUF_BUFG | u_instrmemrom/u_mem_generator_3/store[39][7]_i_2_70[0]           |                  |                4 |              8 |         2.00 |
|  clk_IBUF_BUFG | u_instrmemrom/u_mem_generator_3/store[39][7]_i_2_76[0]           |                  |                6 |              8 |         1.33 |
|  clk_IBUF_BUFG | u_instrmemrom/u_mem_generator_3/store[39][7]_i_2_40[0]           |                  |                7 |              8 |         1.14 |
|  clk_IBUF_BUFG | u_instrmemrom/u_mem_generator_3/store[39][7]_i_2_81[0]           |                  |                5 |              8 |         1.60 |
|  clk_IBUF_BUFG | u_instrmemrom/u_mem_generator_3/store[39][7]_i_2_43[0]           |                  |                2 |              8 |         4.00 |
|  clk_IBUF_BUFG | u_instrmemrom/u_mem_generator_3/store[39][7]_i_2_90[0]           |                  |                5 |              8 |         1.60 |
|  clk_IBUF_BUFG | u_instrmemrom/u_mem_generator_3/store[39][7]_i_2_36[0]           |                  |                5 |              8 |         1.60 |
|  clk_IBUF_BUFG | u_instrmemrom/u_mem_generator_3/store[39][7]_i_2_4[0]            |                  |                3 |              8 |         2.67 |
|  clk_IBUF_BUFG | u_instrmemrom/u_mem_generator_3/store[39][7]_i_2_53[0]           |                  |                5 |              8 |         1.60 |
|  clk_IBUF_BUFG | u_instrmemrom/u_mem_generator_3/store[39][7]_i_2_88[0]           |                  |                8 |              8 |         1.00 |
|  clk_IBUF_BUFG | u_instrmemrom/u_mem_generator_3/store[39][7]_i_2_41[0]           |                  |                7 |              8 |         1.14 |
|  clk_IBUF_BUFG | u_instrmemrom/u_mem_generator_3/store[39][7]_i_2_46[0]           |                  |                5 |              8 |         1.60 |
|  clk_IBUF_BUFG | u_instrmemrom/u_mem_generator_3/store[39][7]_i_2_54[0]           |                  |                4 |              8 |         2.00 |
|  clk_IBUF_BUFG | u_instrmemrom/u_mem_generator_3/store[39][7]_i_2_72[0]           |                  |                4 |              8 |         2.00 |
|  clk_IBUF_BUFG | u_instrmemrom/u_mem_generator_3/store[39][7]_i_2_49[0]           |                  |                6 |              8 |         1.33 |
|  clk_IBUF_BUFG | u_instrmemrom/u_mem_generator_3/store[39][7]_i_2_74[0]           |                  |                6 |              8 |         1.33 |
|  clk_IBUF_BUFG | u_instrmemrom/u_mem_generator_3/store[39][7]_i_2_93[0]           |                  |                6 |              8 |         1.33 |
|  clk_IBUF_BUFG | u_instrmemrom/u_mem_generator_3/store[39][7]_i_2_7[0]            |                  |                4 |              8 |         2.00 |
|  clk_IBUF_BUFG | u_instrmemrom/u_mem_generator_3/store[39][7]_i_2_63[0]           |                  |                5 |              8 |         1.60 |
|  clk_IBUF_BUFG | u_instrmemrom/u_mem_generator_3/store[39][7]_i_2_83[0]           |                  |                4 |              8 |         2.00 |
|  clk_IBUF_BUFG | u_instrmemrom/u_mem_generator_3/store[39][7]_i_2_58[0]           |                  |                5 |              8 |         1.60 |
|  clk_IBUF_BUFG | u_instrmemrom/u_mem_generator_3/store[39][7]_i_2_78[0]           |                  |                5 |              8 |         1.60 |
|  clk_IBUF_BUFG | u_instrmemrom/u_mem_generator_3/store[39][7]_i_2_51[0]           |                  |                2 |              8 |         4.00 |
|  clk_IBUF_BUFG | u_instrmemrom/u_mem_generator_3/store[39][7]_i_2_9[0]            |                  |                5 |              8 |         1.60 |
|  clk_IBUF_BUFG | u_instrmemrom/u_mem_generator_3/store[39][7]_i_2_91[0]           |                  |                3 |              8 |         2.67 |
|  clk_IBUF_BUFG | u_instrmemrom/u_mem_generator_3/store[39][7]_i_2_50[0]           |                  |                5 |              8 |         1.60 |
|  clk_IBUF_BUFG | u_instrmemrom/u_mem_generator_3/store[39][7]_i_2_37[0]           |                  |                5 |              8 |         1.60 |
|  clk_IBUF_BUFG | u_instrmemrom/u_mem_generator_3/store[39][7]_i_2_45[0]           |                  |                7 |              8 |         1.14 |
|  clk_IBUF_BUFG | u_instrmemrom/u_mem_generator_3/store[39][7]_i_2_5[0]            |                  |                7 |              8 |         1.14 |
|  clk_IBUF_BUFG | u_instrmemrom/u_mem_generator_3/store[39][7]_i_2_52[0]           |                  |                5 |              8 |         1.60 |
|  clk_IBUF_BUFG | u_instrmemrom/u_mem_generator_3/store[39][7]_i_2_57[0]           |                  |                4 |              8 |         2.00 |
|  clk_IBUF_BUFG | u_instrmemrom/u_mem_generator_3/store[39][7]_i_2_42[0]           |                  |                5 |              8 |         1.60 |
|  clk_IBUF_BUFG | u_instrmemrom/u_mem_generator_3/store[39][7]_i_2_60[0]           |                  |                8 |              8 |         1.00 |
|  clk_IBUF_BUFG | u_instrmemrom/u_mem_generator_3/store[39][7]_i_2_65[0]           |                  |                5 |              8 |         1.60 |
|  clk_IBUF_BUFG | u_instrmemrom/u_mem_generator_3/store[39][7]_i_2_48[0]           |                  |                6 |              8 |         1.33 |
|  clk_IBUF_BUFG | u_instrmemrom/u_mem_generator_3/store[39][7]_i_2_66[0]           |                  |                4 |              8 |         2.00 |
|  clk_IBUF_BUFG | u_instrmemrom/u_mem_generator_3/store[39][7]_i_2_68[0]           |                  |                5 |              8 |         1.60 |
|  clk_IBUF_BUFG | u_instrmemrom/u_mem_generator_3/store[39][7]_i_2_59[0]           |                  |                1 |              8 |         8.00 |
|  clk_IBUF_BUFG | u_instrmemrom/u_mem_generator_3/store[39][7]_i_2_71[0]           |                  |                3 |              8 |         2.67 |
|  clk_IBUF_BUFG | u_instrmemrom/u_mem_generator_3/store[39][7]_i_2_73[0]           |                  |                8 |              8 |         1.00 |
|  clk_IBUF_BUFG | u_instrmemrom/u_mem_generator_3/store[39][7]_i_2_47[0]           |                  |                6 |              8 |         1.33 |
|  clk_IBUF_BUFG | u_instrmemrom/u_mem_generator_3/store[39][7]_i_2_55[0]           |                  |                7 |              8 |         1.14 |
|  clk_IBUF_BUFG | u_instrmemrom/u_mem_generator_3/store[39][7]_i_2_62[0]           |                  |                5 |              8 |         1.60 |
|  clk_IBUF_BUFG | u_instrmemrom/u_mem_generator_3/store[39][7]_i_2_69[0]           |                  |                6 |              8 |         1.33 |
|  clk_IBUF_BUFG | u_instrmemrom/u_mem_generator_3/store[39][7]_i_2_75[0]           |                  |                5 |              8 |         1.60 |
|  clk_IBUF_BUFG | u_instrmemrom/u_mem_generator_3/store[39][7]_i_2_64[0]           |                  |                6 |              8 |         1.33 |
|  clk_IBUF_BUFG | u_instrmemrom/u_mem_generator_3/store[39][7]_i_2_77[0]           |                  |                5 |              8 |         1.60 |
|  clk_IBUF_BUFG | u_instrmemrom/u_mem_generator_3/store[39][7]_i_2_79[0]           |                  |                7 |              8 |         1.14 |
|  clk_IBUF_BUFG | u_instrmemrom/u_mem_generator_3/store[39][7]_i_2_80[0]           |                  |                6 |              8 |         1.33 |
|  clk_IBUF_BUFG | u_instrmemrom/u_mem_generator_3/store[39][7]_i_2_82[0]           |                  |                6 |              8 |         1.33 |
|  clk_IBUF_BUFG | u_instrmemrom/u_mem_generator_3/store[39][7]_i_2_84[0]           |                  |                4 |              8 |         2.00 |
|  clk_IBUF_BUFG | u_instrmemrom/u_mem_generator_3/store[39][7]_i_2_44[0]           |                  |                7 |              8 |         1.14 |
|  clk_IBUF_BUFG | u_instrmemrom/u_mem_generator_3/store[39][7]_i_2_38[0]           |                  |                8 |              8 |         1.00 |
|  clk_IBUF_BUFG | u_instrmemrom/u_mem_generator_3/store[39][7]_i_2_99[0]           |                  |                8 |              8 |         1.00 |
|  clk_IBUF_BUFG | u_instrmemrom/u_mem_generator_3/store[39][7]_i_2_94[0]           |                  |                6 |              8 |         1.33 |
|  clk_IBUF_BUFG | u_instrmemrom/u_mem_generator_3/store[39][7]_i_2_98[0]           |                  |                5 |              8 |         1.60 |
|  clk_IBUF_BUFG | u_instrmemrom/u_mem_generator_3/store[39][7]_i_2_95[0]           |                  |                6 |              8 |         1.33 |
|  clk_IBUF_BUFG |                                                                  |                  |               19 |             32 |         1.68 |
|  clk_IBUF_BUFG | u_instrmemrom/u_mem_generator_0/RegWriteExp_OBUF                 |                  |               11 |             88 |         8.00 |
+----------------+------------------------------------------------------------------+------------------+------------------+----------------+--------------+


